// Jest Snapshot v1, https://goo.gl/fbAQLP

exports[`<LoginButton /> should render login button 1`] = `
<div>
  <button
    data-testid="clerk-sign-in-button"
  >
    Login
  </button>
  <button />
</div>
`;
